Starting update process: Mon Feb  2 09:33:40 CET 2026
Iniciando procesamiento de texto para Supabase...
Saltando duplicado: Luis - #1482
Saltando duplicado: Edu Noeda - #1482
Saltando duplicado: Carlos H. - #1482
Saltando duplicado: Claire - #1482
Saltando duplicado: Iván A. - #1483
Saltando duplicado: Claire - #1483
Saltando duplicado: Iria Dorado - #1483
Saltando duplicado: Andres R - #1483
Saltando duplicado: Raquel - #1483
Saltando duplicado: Carlos - #1483
Saltando duplicado: Quique - #1483
Saltando duplicado: Paula Granado - #1483
Saltando duplicado: Carlos H. - #1483
Saltando duplicado: Luis - #1483
Saltando duplicado: Edu Noeda - #1483
Saltando duplicado: Unknown User - #1484
Saltando duplicado: Claire - #1484
Saltando duplicado: Iria Dorado - #1484
Saltando duplicado: Paula Granado - #1484
Saltando duplicado: Andres R - #1484
Saltando duplicado: Carlos - #1484
Saltando duplicado: Luis - #1484
Saltando duplicado: Quique - #1484
Saltando duplicado: Edu Noeda - #1484
Saltando duplicado: Raquel - #1484
Saltando duplicado: Carlos H. - #1484
Saltando duplicado: Iván A. - #1485
Saltando duplicado: Iria Dorado - #1485
Saltando duplicado: Andres R - #1485
Saltando duplicado: Claire - #1485
Saltando duplicado: Paula Granado - #1485
Saltando duplicado: Quique - #1485
Saltando duplicado: Carlos - #1485
Saltando duplicado: Raquel - #1485
Saltando duplicado: Edu Noeda - #1485
Saltando duplicado: Carlos H. - #1485
Saltando duplicado: Iria Dorado - #1488
GUARDADO: Unknown User - #1488 (6/6)
Saltando duplicado: Raquel - #1488
Saltando duplicado: Unknown User - #1488
Saltando duplicado: Andres R - #1488
Saltando duplicado: Paula Granado - #1488
------------------------------------------------
Proceso finalizado. Nuevos: 1, Saltados: 41
Extraction finished.
No hay nuevos datos para subir.
-----------------------------------
Starting update process: Mon Feb  2 09:34:16 CET 2026
Iniciando procesamiento de texto para Supabase...
Saltando duplicado: Luis - #1482
Saltando duplicado: Edu Noeda - #1482
Saltando duplicado: Carlos H. - #1482
Saltando duplicado: Claire - #1482
Saltando duplicado: Iván A. - #1483
Saltando duplicado: Claire - #1483
Saltando duplicado: Iria Dorado - #1483
Saltando duplicado: Andres R - #1483
Saltando duplicado: Raquel - #1483
Saltando duplicado: Carlos - #1483
Saltando duplicado: Quique - #1483
Saltando duplicado: Paula Granado - #1483
Saltando duplicado: Carlos H. - #1483
Saltando duplicado: Luis - #1483
Saltando duplicado: Edu Noeda - #1483
Saltando duplicado: Unknown User - #1484
Saltando duplicado: Claire - #1484
Saltando duplicado: Iria Dorado - #1484
Saltando duplicado: Paula Granado - #1484
Saltando duplicado: Andres R - #1484
Saltando duplicado: Carlos - #1484
Saltando duplicado: Luis - #1484
Saltando duplicado: Quique - #1484
Saltando duplicado: Edu Noeda - #1484
Saltando duplicado: Raquel - #1484
Saltando duplicado: Carlos H. - #1484
Saltando duplicado: Iván A. - #1485
Saltando duplicado: Iria Dorado - #1485
Saltando duplicado: Andres R - #1485
Saltando duplicado: Claire - #1485
Saltando duplicado: Paula Granado - #1485
Saltando duplicado: Quique - #1485
Saltando duplicado: Carlos - #1485
Saltando duplicado: Raquel - #1485
Saltando duplicado: Edu Noeda - #1485
Saltando duplicado: Carlos H. - #1485
Saltando duplicado: Iria Dorado - #1488
Saltando duplicado: Unknown User - #1488
Saltando duplicado: Raquel - #1488
Saltando duplicado: Unknown User - #1488
Saltando duplicado: Andres R - #1488
Saltando duplicado: Paula Granado - #1488
------------------------------------------------
Proceso finalizado. Nuevos: 0, Saltados: 42
Extraction finished.
No hay nuevos datos para subir.
-----------------------------------
